// Jest Snapshot v1, https://goo.gl/fbAQLP

exports[`QAIndex snap shots tests for Checkout  1`] = `
<div>
  <span>
    Data not available
  </span>
</div>
`;
